Kotlin does not yet support 25 JDK target, falling back to Kotlin JVM_23 JVM target
Kotlin does not yet support 25 JDK target, falling back to Kotlin JVM_23 JVM target

The Kotlin Gradle plugin was loaded multiple times in different subprojects, which is not supported and may break the build. 
This might happen in subprojects that apply the Kotlin plugins with the Gradle 'plugins { ... }' DSL if they specify explicit versions, even if the versions are equal.
Please add the Kotlin plugin to the common parent project or the root project, then remove the versions in the subprojects.
If the parent project does not need the plugin, add 'apply false' to the plugin line.
See: https://docs.gradle.org/current/userguide/plugins.html#sec:subprojects_plugins_dsl
The Kotlin plugin was loaded in the following projects: ':mac-engine', ':packages:ai-support', ':packages:test-kit'
> Task :packages:core:checkKotlinGradlePluginConfigurationErrors SKIPPED
> Task :packages:shared-models:checkKotlinGradlePluginConfigurationErrors SKIPPED

> Task :packages:shared-models:compileKotlinJvm UP-TO-DATE
Kotlin does not yet support 25 JDK target, falling back to Kotlin JVM_23 JVM target

> Task :packages:shared-models:compileJvmMainJava NO-SOURCE
> Task :packages:shared-models:jvmProcessResources NO-SOURCE
> Task :packages:shared-models:processJvmMainResources SKIPPED
> Task :packages:shared-models:jvmMainClasses UP-TO-DATE
> Task :packages:shared-models:jvmJar UP-TO-DATE

> Task :packages:core:compileKotlinJvm
Kotlin does not yet support 25 JDK target, falling back to Kotlin JVM_23 JVM target
e: file:///Users/kiki/Documents/Web%20Develop/KiBot/Shared/packages/core/src/commonMain/kotlin/com/kibot/core/StrategySignalBuilder.kt:448:13 Argument type mismatch: actual type is 'Pair<Double, Double>', but 'Pair<Double, Double>' was expected.
e: file:///Users/kiki/Documents/Web%20Develop/KiBot/Shared/packages/core/src/commonMain/kotlin/com/kibot/core/StrategySignalBuilder.kt:449:13 Argument type mismatch: actual type is 'Pair<Double, Double>', but 'Pair<Double, Double>' was expected.
e: file:///Users/kiki/Documents/Web%20Develop/KiBot/Shared/packages/core/src/commonMain/kotlin/com/kibot/core/StrategySignalBuilder.kt:450:13 Argument type mismatch: actual type is 'Pair<Double, Double>', but 'Pair<Double, Double>' was expected.
e: file:///Users/kiki/Documents/Web%20Develop/KiBot/Shared/packages/core/src/commonMain/kotlin/com/kibot/core/StrategySignalBuilder.kt:451:13 Argument type mismatch: actual type is 'Pair<Double, Double>', but 'Pair<Double, Double>' was expected.
e: file:///Users/kiki/Documents/Web%20Develop/KiBot/Shared/packages/core/src/commonMain/kotlin/com/kibot/core/StrategySignalBuilder.kt:452:13 Argument type mismatch: actual type is 'Pair<A (of fun <A, B> A.to), B (of fun <A, B> A.to)>', but 'Pair<Double, Double>' was expected.
e: file:///Users/kiki/Documents/Web%20Develop/KiBot/Shared/packages/core/src/commonMain/kotlin/com/kibot/core/StrategySignalBuilder.kt:452:41 Unresolved reference 'toScore'.
e: file:///Users/kiki/Documents/Web%20Develop/KiBot/Shared/packages/core/src/commonMain/kotlin/com/kibot/core/StrategySignalBuilder.kt:452:51 Cannot infer type for this parameter. Specify it explicitly.
e: file:///Users/kiki/Documents/Web%20Develop/KiBot/Shared/packages/core/src/commonMain/kotlin/com/kibot/core/StrategySignalBuilder.kt:679:50 Only safe (?.) or non-null asserted (!!.) calls are allowed on a nullable receiver of type 'DecimalValue?'.
e: file:///Users/kiki/Documents/Web%20Develop/KiBot/Shared/packages/core/src/commonMain/kotlin/com/kibot/core/StrategySignalBuilder.kt:695:13 No parameter with name 'type' found.
e: file:///Users/kiki/Documents/Web%20Develop/KiBot/Shared/packages/core/src/commonMain/kotlin/com/kibot/core/StrategySignalBuilder.kt:696:13 No parameter with name 'price' found.
e: file:///Users/kiki/Documents/Web%20Develop/KiBot/Shared/packages/core/src/commonMain/kotlin/com/kibot/core/StrategySignalBuilder.kt:698:13 No parameter with name 'estimatedNotionalIdr' found.
e: file:///Users/kiki/Documents/Web%20Develop/KiBot/Shared/packages/core/src/commonMain/kotlin/com/kibot/core/StrategySignalBuilder.kt:699:13 No parameter with name 'rationale' found.
e: file:///Users/kiki/Documents/Web%20Develop/KiBot/Shared/packages/core/src/commonMain/kotlin/com/kibot/core/StrategySignalBuilder.kt:707:13 No parameter with name 'projectedNetProfitIdr' found.
e: file:///Users/kiki/Documents/Web%20Develop/KiBot/Shared/packages/core/src/commonMain/kotlin/com/kibot/core/StrategySignalBuilder.kt:707:13 No value passed for parameter 'orderType'.
e: file:///Users/kiki/Documents/Web%20Develop/KiBot/Shared/packages/core/src/commonMain/kotlin/com/kibot/core/StrategySignalBuilder.kt:707:13 No value passed for parameter 'expectedNetEdgePct'.
e: file:///Users/kiki/Documents/Web%20Develop/KiBot/Shared/packages/core/src/commonMain/kotlin/com/kibot/core/TradeAutomationCoordinator.kt:269:17 No parameter with name 'positionAgeMinutes' found.
e: file:///Users/kiki/Documents/Web%20Develop/KiBot/Shared/packages/core/src/commonMain/kotlin/com/kibot/core/TradeAutomationCoordinator.kt:270:17 No parameter with name 'unrealizedPnlPct' found.
e: file:///Users/kiki/Documents/Web%20Develop/KiBot/Shared/packages/core/src/commonMain/kotlin/com/kibot/core/TradeAutomationCoordinator.kt:295:33 Unresolved reference 'softTakeProfitPct'.
e: file:///Users/kiki/Documents/Web%20Develop/KiBot/Shared/packages/core/src/commonMain/kotlin/com/kibot/core/TradeAutomationCoordinator.kt:305:37 Unresolved reference 'suggestedStopLossPct'.
e: file:///Users/kiki/Documents/Web%20Develop/KiBot/Shared/packages/core/src/commonMain/kotlin/com/kibot/core/TradeAutomationCoordinator.kt:353:57 Unresolved reference 'exitUrgencyScore'.
e: file:///Users/kiki/Documents/Web%20Develop/KiBot/Shared/packages/core/src/commonMain/kotlin/com/kibot/core/TradeAutomationCoordinator.kt:355:65 Unresolved reference 'suggestedTrailingStopPct'.
e: file:///Users/kiki/Documents/Web%20Develop/KiBot/Shared/packages/core/src/commonMain/kotlin/com/kibot/core/TradeAutomationCoordinator.kt:356:58 Unresolved reference 'softTakeProfitPct'.
e: file:///Users/kiki/Documents/Web%20Develop/KiBot/Shared/packages/core/src/commonMain/kotlin/com/kibot/core/TradeAutomationCoordinator.kt:357:66 Unresolved reference 'estimatedRoundTripCostPct'.
e: file:///Users/kiki/Documents/Web%20Develop/KiBot/Shared/packages/core/src/commonMain/kotlin/com/kibot/core/TradeAutomationCoordinator.kt:365:16 Unresolved reference 'StrategyCycleResult'.
e: file:///Users/kiki/Documents/Web%20Develop/KiBot/Shared/packages/core/src/commonMain/kotlin/com/kibot/core/TradeAutomationCoordinator.kt:374:34 Unresolved reference 'rankedPairs'.
e: file:///Users/kiki/Documents/Web%20Develop/KiBot/Shared/packages/core/src/commonMain/kotlin/com/kibot/core/TradeAutomationCoordinator.kt:374:60 Unresolved reference 'it'.
e: file:///Users/kiki/Documents/Web%20Develop/KiBot/Shared/packages/core/src/commonMain/kotlin/com/kibot/core/TradeAutomationCoordinator.kt:383:51 Unresolved reference 'deploymentPlan'.
e: file:///Users/kiki/Documents/Web%20Develop/KiBot/Shared/packages/core/src/commonMain/kotlin/com/kibot/core/TradeAutomationCoordinator.kt:384:42 Unresolved reference 'marketSnapshot'.
e: file:///Users/kiki/Documents/Web%20Develop/KiBot/Shared/packages/core/src/commonMain/kotlin/com/kibot/core/TradeAutomationCoordinator.kt:385:42 Unresolved reference 'modeSnapshot'.
e: file:///Users/kiki/Documents/Web%20Develop/KiBot/Shared/packages/core/src/commonMain/kotlin/com/kibot/core/TradeAutomationCoordinator.kt:386:42 Unresolved reference 'riskDecision'.
e: file:///Users/kiki/Documents/Web%20Develop/KiBot/Shared/packages/core/src/commonMain/kotlin/com/kibot/core/TradeAutomationCoordinator.kt:387:43 Unresolved reference 'deploymentPlan'.

> Task :packages:core:compileKotlinJvm FAILED

[Incubating] Problems report is available at: file:///Users/kiki/Documents/Web%20Develop/KiBot/SERVER_EXECUTOR/Core/Kotlin_Engine/build/reports/problems/problems-report.html

FAILURE: Build failed with an exception.

* What went wrong:
Execution failed for task ':packages:core:compileKotlinJvm'.
> A failure occurred while executing org.jetbrains.kotlin.compilerRunner.GradleCompilerRunnerWithWorkers$GradleKotlinCompilerWorkAction
   > Compilation error. See log for more details

* Try:
> Run with --stacktrace option to get the stack trace.
> Run with --info or --debug option to get more log output.
> Run with --scan to get full insights from a Build Scan (powered by Develocity).
> Get more help at https://help.gradle.org.

Deprecated Gradle features were used in this build, making it incompatible with Gradle 10.

You can use '--warning-mode all' to show the individual deprecation warnings and determine if they come from your own scripts or plugins.

For more on this, please refer to https://docs.gradle.org/9.4.0/userguide/command_line_interface.html#sec:command_line_warnings in the Gradle documentation.

BUILD FAILED in 8s
3 actionable tasks: 1 executed, 2 up-to-date
